// Jest Snapshot v1, https://goo.gl/fbAQLP

exports[`Card Should render 1`] = `
<div
  class="css-ftf61z"
>
  <div
    class="css-p29iif"
  />
  <div
    class="css-1ebnovx"
  >
    <div
      class="css-dj0vfm"
    >
      hi
    </div>
  </div>
</div>
`;
